[2026-05-13 08:53:37] [INFO] Health Monitor Cron Job started...
[2026-05-13 08:53:38] [INFO] 🚀 Server is running smoothly on port 3000
[2026-05-13 08:53:38] [INFO] 👉 Check health at: http://localhost:3000/api/v1/health
[2026-05-13 08:54:39] [INFO] SYS-000: DB is working.
[2026-05-13 08:55:39] [INFO] SYS-000: DB is working.
[2026-05-13 08:56:39] [INFO] SYS-000: DB is working.
[2026-05-13 08:57:28] [INFO] Health Monitor Cron Job started...
[2026-05-13 08:57:28] [INFO] 🚀 Server is running smoothly on port 3000
[2026-05-13 08:57:28] [INFO] 👉 Check health at: http://localhost:3000/api/v1/health
[2026-05-13 08:58:30] [INFO] SYS-000: DB is working.
[2026-05-13 08:59:29] [INFO] SYS-000: DB is working.
[2026-05-13 09:00:29] [INFO] SYS-000: DB is working.
[2026-05-13 09:01:29] [INFO] SYS-000: DB is working.
[2026-05-13 09:02:17] [INFO] Health Monitor Cron Job started...
[2026-05-13 09:02:17] [INFO] 🚀 Server is running smoothly on port 3000
[2026-05-13 09:02:17] [INFO] 👉 Check health at: http://localhost:3000/api/v1/health
[2026-05-13 09:03:18] [INFO] SYS-000: DB is working.
[2026-05-13 09:04:18] [INFO] SYS-000: DB is working.
[2026-05-13 09:05:18] [INFO] SYS-000: DB is working.
[2026-05-13 09:06:18] [INFO] SYS-000: DB is working.
[2026-05-13 09:12:39] [INFO] Health Monitor Cron Job started...
[2026-05-13 09:12:39] [INFO] 🚀 Server is running smoothly on port 3000
[2026-05-13 09:12:39] [INFO] 👉 Check health at: http://localhost:3000/api/v1/health
[2026-05-13 09:13:40] [INFO] SYS-000: DB is working.
[2026-05-13 09:27:02] [INFO] Health Monitor Cron Job started...
[2026-05-13 09:27:02] [INFO] 🚀 Server is running smoothly on port 3000
[2026-05-13 09:27:02] [INFO] 👉 Check health at: http://localhost:3000/api/v1/health
[2026-05-13 09:27:28] [INFO] Health Monitor Cron Job started...
[2026-05-13 09:27:29] [INFO] 🚀 Server is running smoothly on port 3000
[2026-05-13 09:27:29] [INFO] 👉 Check health at: http://localhost:3000/api/v1/health
[2026-05-13 09:28:29] [INFO] SYS-000: DB is working.
[2026-05-13 09:34:21] [INFO] Health Monitor Cron Job started...
[2026-05-13 09:34:21] [INFO] 🚀 Server is running smoothly on port 3000
[2026-05-13 09:34:21] [INFO] 👉 Check health at: http://localhost:3000/api/v1/health
[2026-05-13 09:35:22] [INFO] SYS-000: DB is working.
[2026-05-13 09:36:22] [INFO] SYS-000: DB is working.
[2026-05-13 09:37:22] [INFO] SYS-000: DB is working.
[2026-05-13 09:38:22] [INFO] SYS-000: DB is working.
[2026-05-13 09:39:22] [INFO] SYS-000: DB is working.
[2026-05-13 09:40:22] [INFO] SYS-000: DB is working.
[2026-05-13 09:41:22] [INFO] SYS-000: DB is working.
[2026-05-13 09:42:22] [INFO] SYS-000: DB is working.
[2026-05-13 09:42:46] [INFO] Health Monitor Cron Job started...
[2026-05-13 09:42:46] [INFO] 🚀 Server is running smoothly on port 3000
[2026-05-13 09:42:46] [INFO] 👉 Check health at: http://localhost:3000/api/v1/health
[2026-05-13 09:43:43] [INFO] Health Monitor Cron Job started...
[2026-05-13 09:43:44] [INFO] 🚀 Server is running smoothly on port 3000
[2026-05-13 09:43:44] [INFO] 👉 Check health at: http://localhost:3000/api/v1/health
[2026-05-13 09:43:49] [INFO] Health Monitor Cron Job started...
[2026-05-13 09:43:49] [INFO] 🚀 Server is running smoothly on port 3000
[2026-05-13 09:43:49] [INFO] 👉 Check health at: http://localhost:3000/api/v1/health
[2026-05-13 09:44:14] [INFO] Health Monitor Cron Job started...
[2026-05-13 09:44:14] [INFO] 🚀 Server is running smoothly on port 3000
[2026-05-13 09:44:14] [INFO] 👉 Check health at: http://localhost:3000/api/v1/health
[2026-05-13 09:45:03] [INFO] Health Monitor Cron Job started...
[2026-05-13 09:45:03] [INFO] 🚀 Server is running smoothly on port 3000
[2026-05-13 09:45:03] [INFO] 👉 Check health at: http://localhost:3000/api/v1/health
[2026-05-13 09:45:38] [INFO] Health Monitor Cron Job started...
[2026-05-13 09:45:38] [INFO] 🚀 Server is running smoothly on port 3000
[2026-05-13 09:45:38] [INFO] 👉 Check health at: http://localhost:3000/api/v1/health
[2026-05-13 09:46:36] [INFO] Health Monitor Cron Job started...
[2026-05-13 09:46:36] [INFO] 🚀 Server is running smoothly on port 3000
[2026-05-13 09:46:36] [INFO] 👉 Check health at: http://localhost:3000/api/v1/health
[2026-05-13 09:47:03] [INFO] Health Monitor Cron Job started...
[2026-05-13 09:47:04] [INFO] 🚀 Server is running smoothly on port 3000
[2026-05-13 09:47:04] [INFO] 👉 Check health at: http://localhost:3000/api/v1/health
[2026-05-13 09:47:18] [INFO] Health Monitor Cron Job started...
[2026-05-13 09:47:19] [INFO] 🚀 Server is running smoothly on port 3000
[2026-05-13 09:47:19] [INFO] 👉 Check health at: http://localhost:3000/api/v1/health
[2026-05-13 09:47:47] [INFO] Health Monitor Cron Job started...
[2026-05-13 09:47:47] [INFO] 🚀 Server is running smoothly on port 3000
[2026-05-13 09:47:47] [INFO] 👉 Check health at: http://localhost:3000/api/v1/health
[2026-05-13 09:48:16] [INFO] Health Monitor Cron Job started...
[2026-05-13 09:48:16] [INFO] 🚀 Server is running smoothly on port 3000
[2026-05-13 09:48:16] [INFO] 👉 Check health at: http://localhost:3000/api/v1/health
[2026-05-13 09:48:24] [INFO] Health Monitor Cron Job started...
[2026-05-13 09:48:24] [INFO] 🚀 Server is running smoothly on port 3000
[2026-05-13 09:48:24] [INFO] 👉 Check health at: http://localhost:3000/api/v1/health
[2026-05-13 09:49:23] [INFO] Health Monitor Cron Job started...
[2026-05-13 09:49:23] [INFO] 🚀 Server is running smoothly on port 3000
[2026-05-13 09:49:23] [INFO] 👉 Check health at: http://localhost:3000/api/v1/health
[2026-05-13 09:50:24] [INFO] SYS-000: DB is working.
[2026-05-13 09:51:26] [INFO] Health Monitor Cron Job started...
[2026-05-13 09:51:26] [INFO] 🚀 Server is running smoothly on port 3000
[2026-05-13 09:51:26] [INFO] 👉 Check health at: http://localhost:3000/api/v1/health
[2026-05-13 09:51:31] [INFO] Health Monitor Cron Job started...
[2026-05-13 09:51:31] [INFO] 🚀 Server is running smoothly on port 3000
[2026-05-13 09:51:31] [INFO] 👉 Check health at: http://localhost:3000/api/v1/health
[2026-05-13 09:52:28] [INFO] Health Monitor Cron Job started...
[2026-05-13 09:52:28] [INFO] 🚀 Server is running smoothly on port 3000
[2026-05-13 09:52:28] [INFO] 👉 Check health at: http://localhost:3000/api/v1/health
[2026-05-13 09:52:48] [INFO] Health Monitor Cron Job started...
[2026-05-13 09:52:48] [INFO] 🚀 Server is running smoothly on port 3000
[2026-05-13 09:52:48] [INFO] 👉 Check health at: http://localhost:3000/api/v1/health
[2026-05-13 13:59:19] [INFO] Health Monitor Cron Job started...
[2026-05-13 13:59:21] [INFO] 🚀 Server is running smoothly on port 3000
[2026-05-13 13:59:21] [INFO] 👉 Check health at: http://localhost:3000/api/v1/health
[2026-05-13 14:00:20] [INFO] SYS-000: DB is working.
[2026-05-13 14:01:20] [INFO] SYS-000: DB is working.
[2026-05-13 14:02:20] [INFO] SYS-000: DB is working.
[2026-05-13 14:03:20] [INFO] SYS-000: DB is working.
[2026-05-13 14:04:20] [INFO] SYS-000: DB is working.
[2026-05-13 14:05:20] [INFO] SYS-000: DB is working.
[2026-05-13 14:06:20] [INFO] SYS-000: DB is working.
[2026-05-13 14:07:20] [INFO] SYS-000: DB is working.
[2026-05-13 14:08:20] [INFO] SYS-000: DB is working.
[2026-05-13 14:09:20] [INFO] SYS-000: DB is working.
[2026-05-13 14:09:30] [INFO] Health Monitor Cron Job started...
[2026-05-13 14:09:30] [INFO] 🚀 Server is running smoothly on port 3000
[2026-05-13 14:09:30] [INFO] 👉 Check health at: http://localhost:3000/api/v1/health
[2026-05-13 14:09:38] [INFO] Health Monitor Cron Job started...
[2026-05-13 14:09:38] [INFO] 🚀 Server is running smoothly on port 3000
[2026-05-13 14:09:38] [INFO] 👉 Check health at: http://localhost:3000/api/v1/health
[2026-05-13 14:09:50] [INFO] Health Monitor Cron Job started...
[2026-05-13 14:09:50] [INFO] 🚀 Server is running smoothly on port 3000
[2026-05-13 14:09:50] [INFO] 👉 Check health at: http://localhost:3000/api/v1/health
[2026-05-13 14:10:51] [INFO] SYS-000: DB is working.
[2026-05-13 14:10:53] [INFO] Health Monitor Cron Job started...
[2026-05-13 14:10:54] [INFO] 🚀 Server is running smoothly on port 3000
[2026-05-13 14:10:54] [INFO] 👉 Check health at: http://localhost:3000/api/v1/health
[2026-05-13 14:11:14] [INFO] Health Monitor Cron Job started...
[2026-05-13 14:11:14] [INFO] 🚀 Server is running smoothly on port 3000
[2026-05-13 14:11:14] [INFO] 👉 Check health at: http://localhost:3000/api/v1/health
[2026-05-13 14:12:15] [INFO] SYS-000: DB is working.
[2026-05-13 14:13:15] [INFO] SYS-000: DB is working.
[2026-05-13 14:14:15] [INFO] SYS-000: DB is working.
[2026-05-13 14:15:14] [INFO] Health Monitor Cron Job started...
[2026-05-13 14:15:14] [INFO] 🚀 Server is running smoothly on port 3000
[2026-05-13 14:15:14] [INFO] 👉 Check health at: http://localhost:3000/api/v1/health
[2026-05-13 14:15:18] [INFO] Health Monitor Cron Job started...
[2026-05-13 14:15:18] [INFO] 🚀 Server is running smoothly on port 3000
[2026-05-13 14:15:18] [INFO] 👉 Check health at: http://localhost:3000/api/v1/health
[2026-05-13 14:16:20] [INFO] SYS-000: DB is working.
[2026-05-13 14:17:19] [INFO] SYS-000: DB is working.
[2026-05-13 14:18:19] [INFO] SYS-000: DB is working.
[2026-05-13 14:18:31] [INFO] Health Monitor Cron Job started...
[2026-05-13 14:18:31] [INFO] 🚀 Server is running smoothly on port 3000
[2026-05-13 14:18:31] [INFO] 👉 Check health at: http://localhost:3000/api/v1/health
[2026-05-13 14:18:35] [INFO] Health Monitor Cron Job started...
[2026-05-13 14:18:35] [INFO] 🚀 Server is running smoothly on port 3000
[2026-05-13 14:18:35] [INFO] 👉 Check health at: http://localhost:3000/api/v1/health
[2026-05-13 14:19:36] [INFO] SYS-000: DB is working.
[2026-05-13 14:20:36] [INFO] SYS-000: DB is working.
[2026-05-13 14:21:36] [INFO] SYS-000: DB is working.
[2026-05-13 14:22:36] [INFO] SYS-000: DB is working.
[2026-05-13 14:23:36] [INFO] SYS-000: DB is working.
[2026-05-13 14:24:36] [INFO] SYS-000: DB is working.
[2026-05-13 14:25:36] [INFO] SYS-000: DB is working.
[2026-05-13 14:26:36] [INFO] SYS-000: DB is working.
[2026-05-13 14:27:36] [INFO] SYS-000: DB is working.
[2026-05-13 14:28:37] [INFO] Health Monitor Cron Job started...
[2026-05-13 14:28:37] [INFO] 🚀 Server is running smoothly on port 3000
[2026-05-13 14:28:37] [INFO] 👉 Check health at: http://localhost:3000/api/v1/health
[2026-05-13 14:28:41] [INFO] Health Monitor Cron Job started...
[2026-05-13 14:28:42] [INFO] 🚀 Server is running smoothly on port 3000
[2026-05-13 14:28:42] [INFO] 👉 Check health at: http://localhost:3000/api/v1/health
[2026-05-13 14:29:43] [INFO] SYS-000: DB is working.
[2026-05-13 14:30:42] [INFO] SYS-000: DB is working.
[2026-05-13 14:31:43] [INFO] SYS-000: DB is working.
[2026-05-13 14:32:42] [INFO] SYS-000: DB is working.
[2026-05-13 14:33:43] [INFO] SYS-000: DB is working.
[2026-05-13 14:34:43] [INFO] SYS-000: DB is working.
[2026-05-13 14:35:27] [INFO] Health Monitor Cron Job started...
[2026-05-13 14:35:28] [INFO] 🚀 Server is running smoothly on port 3000
[2026-05-13 14:35:28] [INFO] 👉 Check health at: http://localhost:3000/api/v1/health
[2026-05-13 14:36:29] [INFO] SYS-000: DB is working.
[2026-05-13 14:37:28] [INFO] SYS-000: DB is working.
[2026-05-13 14:38:05] [INFO] Health Monitor Cron Job started...
[2026-05-13 14:38:05] [INFO] 🚀 Server is running smoothly on port 3000
[2026-05-13 14:38:05] [INFO] 👉 Check health at: http://localhost:3000/api/v1/health
[2026-05-13 14:38:49] [INFO] Health Monitor Cron Job started...
[2026-05-13 14:38:49] [INFO] 🚀 Server is running smoothly on port 3000
[2026-05-13 14:38:49] [INFO] 👉 Check health at: http://localhost:3000/api/v1/health
[2026-05-13 14:39:50] [INFO] SYS-000: DB is working.
[2026-05-13 14:40:35] [INFO] Health Monitor Cron Job started...
[2026-05-13 14:40:35] [INFO] 🚀 Server is running smoothly on port 3000
[2026-05-13 14:40:35] [INFO] 👉 Check health at: http://localhost:3000/api/v1/health
[2026-05-13 14:41:05] [INFO] Health Monitor Cron Job started...
[2026-05-13 14:41:05] [INFO] 🚀 Server is running smoothly on port 3000
[2026-05-13 14:41:05] [INFO] 👉 Check health at: http://localhost:3000/api/v1/health
[2026-05-13 14:41:09] [INFO] Health Monitor Cron Job started...
[2026-05-13 14:41:09] [INFO] 🚀 Server is running smoothly on port 3000
[2026-05-13 14:41:09] [INFO] 👉 Check health at: http://localhost:3000/api/v1/health
[2026-05-13 14:41:41] [INFO] Health Monitor Cron Job started...
[2026-05-13 14:41:41] [INFO] 🚀 Server is running smoothly on port 3000
[2026-05-13 14:41:41] [INFO] 👉 Check health at: http://localhost:3000/api/v1/health
[2026-05-13 14:42:42] [INFO] SYS-007: Connection successfully reconnected to PostgreSQL Database.
[2026-05-13 14:43:42] [INFO] SYS-000: DB is working.
[2026-05-13 14:44:42] [INFO] SYS-000: DB is working.
[2026-05-13 14:45:34] [INFO] Health Monitor Cron Job started...
[2026-05-13 14:45:34] [INFO] 🚀 Server is running smoothly on port 3000
[2026-05-13 14:45:34] [INFO] 👉 Check health at: http://localhost:3000/api/v1/health
[2026-05-13 14:46:35] [INFO] SYS-000: DB is working.
[2026-05-13 14:47:35] [INFO] SYS-000: DB is working.
[2026-05-13 14:48:35] [INFO] SYS-000: DB is working.
[2026-05-13 14:51:07] [INFO] Health Monitor Cron Job started...
[2026-05-13 14:51:07] [INFO] 🚀 Server is running smoothly on port 3000
[2026-05-13 14:51:07] [INFO] 👉 Check health at: http://localhost:3000/api/v1/health
[2026-05-13 14:52:07] [ERROR] SYS-001: DB is down. Details: 
Invalid `prisma.$queryRaw()` invocation:


Invalid URL
[2026-05-13 14:53:07] [ERROR] SYS-001: DB is down. Details: 
Invalid `prisma.$queryRaw()` invocation:


Invalid URL
[2026-05-13 14:55:42] [INFO] Health Monitor Cron Job started...
[2026-05-13 14:55:42] [INFO] 🚀 Server is running smoothly on port 3000
[2026-05-13 14:55:42] [INFO] 👉 Check health at: http://localhost:3000/api/v1/health
[2026-05-13 14:56:16] [ERROR] Unhandled Exception: Cannot read properties of null (reading 'doSomethingCrazy')
Stack: TypeError: Cannot read properties of null (reading 'doSomethingCrazy')
    at D:\UIT\3rd_year\HK4\KTPM\DoAn\UIT-ETB\src\app.ts:48:16
    at Layer.handleRequest (D:\UIT\3rd_year\HK4\KTPM\DoAn\UIT-ETB\node_modules\router\lib\layer.js:152:17)
    at next (D:\UIT\3rd_year\HK4\KTPM\DoAn\UIT-ETB\node_modules\router\lib\route.js:157:13)
    at Route.dispatch (D:\UIT\3rd_year\HK4\KTPM\DoAn\UIT-ETB\node_modules\router\lib\route.js:117:3)
    at handle (D:\UIT\3rd_year\HK4\KTPM\DoAn\UIT-ETB\node_modules\router\index.js:435:11)
    at Layer.handleRequest (D:\UIT\3rd_year\HK4\KTPM\DoAn\UIT-ETB\node_modules\router\lib\layer.js:152:17)
    at D:\UIT\3rd_year\HK4\KTPM\DoAn\UIT-ETB\node_modules\router\index.js:295:15
    at processParams (D:\UIT\3rd_year\HK4\KTPM\DoAn\UIT-ETB\node_modules\router\index.js:582:12)
    at next (D:\UIT\3rd_year\HK4\KTPM\DoAn\UIT-ETB\node_modules\router\index.js:291:5)
    at D:\UIT\3rd_year\HK4\KTPM\DoAn\UIT-ETB\node_modules\request-ip\lib\index.js:139:5
[2026-05-13 14:56:44] [INFO] SYS-000: DB is working.
[2026-05-13 14:57:43] [INFO] SYS-000: DB is working.
[2026-05-13 14:58:43] [INFO] SYS-000: DB is working.
[2026-05-13 14:59:43] [INFO] SYS-000: DB is working.
[2026-05-13 15:00:43] [INFO] SYS-000: DB is working.
[2026-05-13 15:01:45] [INFO] SYS-000: DB is working.
[2026-05-13 15:02:45] [INFO] SYS-000: DB is working.
[2026-05-13 15:03:43] [INFO] SYS-000: DB is working.
[2026-05-13 15:04:43] [INFO] SYS-000: DB is working.
[2026-05-13 15:05:43] [INFO] SYS-000: DB is working.
[2026-05-13 15:20:55] [INFO] Health Monitor Cron Job started...
[2026-05-13 15:20:56] [INFO] 🚀 Server is running smoothly on port 3000
[2026-05-13 15:20:56] [INFO] 👉 Check health at: http://localhost:3000/api/v1/health
[2026-05-13 15:21:22] [INFO] [STARTUP] Next.js server initializing - instrumentation hook triggered
[2026-05-13 15:21:22] [INFO] [STARTUP] Database connection and health monitor ready
[2026-05-13 15:21:57] [INFO] SYS-000: DB is working.
[2026-05-13 15:22:56] [INFO] SYS-000: DB is working.
[2026-05-13 15:23:24] [INFO] [STARTUP] Next.js server initializing - instrumentation hook triggered
[2026-05-13 15:23:24] [INFO] [STARTUP] Database connection and health monitor ready
[2026-05-13 15:23:56] [INFO] SYS-000: DB is working.
[2026-05-13 15:24:00] [INFO] [STARTUP] Next.js server initializing - instrumentation hook triggered
[2026-05-13 15:24:00] [INFO] [STARTUP] Database connection and health monitor ready
[2026-05-13 15:24:56] [INFO] SYS-000: DB is working.
[2026-05-13 15:25:31] [INFO] [STARTUP] Next.js server initializing - instrumentation hook triggered
[2026-05-13 15:25:31] [INFO] [STARTUP] Database connection and health monitor ready
[2026-05-13 15:25:56] [INFO] SYS-000: DB is working.
[2026-05-13 15:26:56] [INFO] SYS-000: DB is working.
[2026-05-13 15:27:57] [INFO] SYS-000: DB is working.
[2026-05-13 15:28:57] [INFO] SYS-000: DB is working.
[2026-05-13 15:29:56] [INFO] SYS-000: DB is working.
[2026-05-13 15:30:57] [INFO] SYS-000: DB is working.
[2026-05-13 15:31:57] [INFO] SYS-000: DB is working.
[2026-05-13 15:34:26] [INFO] [STARTUP] Next.js server initializing - instrumentation hook triggered
[2026-05-13 15:34:26] [INFO] [STARTUP] Database connection and health monitor ready
[2026-05-13 15:34:29] [INFO] Health Monitor Cron Job started...
[2026-05-13 15:34:29] [INFO] 🚀 Server is running smoothly on port 3000
[2026-05-13 15:34:29] [INFO] 👉 Check health at: http://localhost:3000/api/v1/health
[2026-05-13 15:35:30] [INFO] SYS-000: DB is working.
[2026-05-13 15:36:30] [INFO] SYS-000: DB is working.
[2026-05-13 15:38:13] [INFO] Health Monitor Cron Job started...
[2026-05-13 15:38:13] [INFO] 🚀 Server is running smoothly on port 3000
[2026-05-13 15:38:13] [INFO] 👉 Check health at: http://localhost:3000/api/v1/health
[2026-05-13 15:38:20] [INFO] [STARTUP] Next.js server initializing - instrumentation hook triggered
[2026-05-13 15:38:20] [INFO] [STARTUP] Database connection and health monitor ready
[2026-05-13 15:39:15] [INFO] SYS-000: DB is working.
[2026-05-13 15:40:15] [INFO] SYS-000: DB is working.
[2026-05-13 15:41:14] [INFO] SYS-000: DB is working.
[2026-05-13 15:42:14] [INFO] SYS-000: DB is working.
[2026-05-13 15:43:14] [INFO] SYS-000: DB is working.
[2026-05-13 15:44:15] [INFO] SYS-000: DB is working.
[2026-05-13 15:45:15] [INFO] SYS-000: DB is working.
[2026-05-13 15:46:14] [INFO] SYS-000: DB is working.
[2026-05-13 15:47:15] [INFO] SYS-000: DB is working.
[2026-05-13 15:48:14] [INFO] SYS-000: DB is working.
[2026-05-13 15:49:15] [INFO] SYS-000: DB is working.
[2026-05-13 15:50:14] [INFO] SYS-000: DB is working.
[2026-05-13 15:51:15] [INFO] SYS-000: DB is working.
[2026-05-13 15:52:15] [INFO] SYS-000: DB is working.
[2026-05-13 15:53:15] [INFO] SYS-000: DB is working.
[2026-05-13 15:54:15] [INFO] SYS-000: DB is working.
[2026-05-13 16:04:47] [ERROR] SYS-001: DB is down. Details: getaddrinfo ENOTFOUND ep-hidden-fire-aneapuc3-pooler.c-6.us-east-1.aws.neon.tech
[2026-05-13 16:05:41] [INFO] Health Monitor Cron Job started...
[2026-05-13 16:05:41] [INFO] 🚀 Server is running smoothly on port 3000
[2026-05-13 16:05:41] [INFO] 👉 Check health at: http://localhost:3000/api/v1/health
[2026-05-13 16:06:43] [INFO] SYS-000: DB is working.
[2026-05-13 16:07:42] [INFO] SYS-000: DB is working.
[2026-05-13 16:08:42] [INFO] SYS-000: DB is working.
[2026-05-13 16:09:42] [INFO] SYS-000: DB is working.
[2026-05-13 16:18:41] [INFO] Health Monitor Cron Job started...
[2026-05-13 16:18:42] [INFO] 🚀 Server is running smoothly on port 3000
[2026-05-13 16:18:42] [INFO] 👉 Check health at: http://localhost:3000/api/v1/health
[2026-05-13 16:19:43] [INFO] SYS-000: DB is working.
[2026-05-13 16:20:43] [INFO] SYS-000: DB is working.
[2026-05-13 16:21:43] [INFO] SYS-000: DB is working.
[2026-05-13 16:22:42] [INFO] SYS-000: DB is working.
[2026-05-13 16:23:42] [INFO] SYS-000: DB is working.
[2026-05-13 16:24:43] [INFO] SYS-000: DB is working.
[2026-05-13 16:25:43] [INFO] SYS-000: DB is working.
[2026-05-13 16:26:42] [INFO] SYS-000: DB is working.
[2026-05-13 16:27:43] [INFO] SYS-000: DB is working.
[2026-05-13 16:28:43] [INFO] SYS-000: DB is working.
[2026-05-13 16:29:43] [INFO] SYS-000: DB is working.
[2026-05-13 16:30:43] [INFO] SYS-000: DB is working.
[2026-05-13 22:45:44] [INFO] Health Monitor Cron Job started...
[2026-05-13 22:45:44] [INFO] 🚀 Server is running smoothly on port 3000
[2026-05-13 22:45:44] [INFO] 👉 Check health at: http://localhost:3000/api/v1/health
[2026-05-13 22:46:46] [INFO] SYS-000: DB is working.
[2026-05-13 22:47:45] [INFO] SYS-000: DB is working.
[2026-05-13 22:48:45] [INFO] SYS-000: DB is working.
[2026-05-13 22:49:44] [INFO] SYS-000: DB is working.
[2026-05-13 22:50:47] [INFO] SYS-000: DB is working.
[2026-05-13 22:51:45] [INFO] SYS-000: DB is working.
[2026-05-13 22:52:02] [ERROR] Unhandled Exception: Validation error: title, description, and location are required
Stack: Error: Validation error: title, description, and location are required
    at EventService.createEvent (D:\UIT\3rd_year\HK4\KTPM\DoAn\UIT-ETB\src\services\event.service.ts:47:13)
    at EventControllerClass.createEvent (D:\UIT\3rd_year\HK4\KTPM\DoAn\UIT-ETB\src\controllers\event.controller.ts:19:46)
    at Layer.handleRequest (D:\UIT\3rd_year\HK4\KTPM\DoAn\UIT-ETB\node_modules\router\lib\layer.js:152:17)
    at next (D:\UIT\3rd_year\HK4\KTPM\DoAn\UIT-ETB\node_modules\router\lib\route.js:157:13)
    at D:\UIT\3rd_year\HK4\KTPM\DoAn\UIT-ETB\src\middlewares\auth.middleware.ts:33:12
    at Layer.handleRequest (D:\UIT\3rd_year\HK4\KTPM\DoAn\UIT-ETB\node_modules\router\lib\layer.js:152:17)
    at next (D:\UIT\3rd_year\HK4\KTPM\DoAn\UIT-ETB\node_modules\router\lib\route.js:157:13)
    at Route.dispatch (D:\UIT\3rd_year\HK4\KTPM\DoAn\UIT-ETB\node_modules\router\lib\route.js:117:3)
    at handle (D:\UIT\3rd_year\HK4\KTPM\DoAn\UIT-ETB\node_modules\router\index.js:435:11)
    at Layer.handleRequest (D:\UIT\3rd_year\HK4\KTPM\DoAn\UIT-ETB\node_modules\router\lib\layer.js:152:17)
[2026-05-13 22:52:45] [INFO] SYS-000: DB is working.
[2026-05-13 22:53:45] [INFO] SYS-000: DB is working.
[2026-05-13 22:54:45] [INFO] SYS-000: DB is working.
[2026-05-13 22:55:42] [ERROR] Unhandled Exception: Unauthorized: You can only update your own events
Stack: Error: Unauthorized: You can only update your own events
    at EventService.updateEvent (D:\UIT\3rd_year\HK4\KTPM\DoAn\UIT-ETB\src\services\event.service.ts:121:13)
    at processTicksAndRejections (node:internal/process/task_queues:105:5)
    at async EventControllerClass.updateEvent (D:\UIT\3rd_year\HK4\KTPM\DoAn\UIT-ETB\src\controllers\event.controller.ts:47:22)
[2026-05-13 22:55:44] [INFO] SYS-000: DB is working.
[2026-05-13 23:23:01] [INFO] Health Monitor Cron Job started...
[2026-05-13 23:23:02] [INFO] 🚀 Server is running smoothly on port 3000
[2026-05-13 23:23:02] [INFO] 👉 Check health at: http://localhost:3000/api/v1/health
[2026-05-13 23:23:29] [ERROR] Unhandled Exception: Unauthorized: You can only update your own events
Stack: AppError: Unauthorized: You can only update your own events
    at EventService.updateEvent (D:\UIT\3rd_year\HK4\KTPM\DoAn\UIT-ETB\src\services\event.service.ts:116:13)
    at processTicksAndRejections (node:internal/process/task_queues:105:5)
    at async EventControllerClass.updateEvent (D:\UIT\3rd_year\HK4\KTPM\DoAn\UIT-ETB\src\controllers\event.controller.ts:47:22)
[2026-05-13 23:24:03] [INFO] SYS-000: DB is working.
[2026-05-13 23:25:03] [INFO] SYS-000: DB is working.
[2026-05-13 23:26:03] [INFO] SYS-000: DB is working.
[2026-05-13 23:27:03] [INFO] SYS-000: DB is working.
[2026-05-13 23:28:03] [INFO] SYS-000: DB is working.
[2026-05-13 23:29:03] [INFO] SYS-000: DB is working.
[2026-05-13 23:30:02] [INFO] SYS-000: DB is working.
[2026-05-13 23:31:03] [INFO] SYS-000: DB is working.
[2026-05-13 23:32:03] [INFO] SYS-000: DB is working.
[2026-05-13 23:33:04] [INFO] SYS-000: DB is working.
[2026-05-13 23:34:03] [INFO] SYS-000: DB is working.
[2026-05-13 23:35:03] [INFO] SYS-000: DB is working.
[2026-05-13 23:36:03] [INFO] SYS-000: DB is working.
[2026-05-13 23:37:03] [INFO] SYS-000: DB is working.
[2026-05-13 23:38:07] [INFO] Health Monitor Cron Job started...
[2026-05-13 23:38:07] [INFO] 🚀 Server is running smoothly on port 3000
[2026-05-13 23:38:07] [INFO] 👉 Check health at: http://localhost:3000/api/v1/health
[2026-05-14 20:09:12] [INFO] Health Monitor Cron Job started...
[2026-05-14 20:09:14] [INFO] 🚀 Server is running smoothly on port 3000
[2026-05-14 20:09:14] [INFO] 👉 Check health at: http://localhost:3000/api/v1/health
[2026-05-14 20:10:15] [INFO] SYS-000: DB is working.
[2026-05-14 20:11:13] [INFO] SYS-000: DB is working.
[2026-05-14 20:12:13] [INFO] SYS-000: DB is working.
[2026-05-14 20:13:47] [INFO] Health Monitor Cron Job started...
[2026-05-14 20:13:47] [INFO] 🚀 Server is running smoothly on port 3000
[2026-05-14 20:13:47] [INFO] 👉 Check health at: http://localhost:3000/api/v1/health
[2026-05-14 20:14:47] [ERROR] SYS-001: DB is down. Details: 
Invalid `prisma.$queryRaw()` invocation:


Invalid URL
[2026-05-14 20:15:47] [ERROR] SYS-001: DB is down. Details: 
Invalid `prisma.$queryRaw()` invocation:


Invalid URL
[2026-05-14 20:16:47] [ERROR] SYS-001: DB is down. Details: 
Invalid `prisma.$queryRaw()` invocation:


Invalid URL
[2026-05-14 20:17:47] [ERROR] SYS-001: DB is down. Details: 
Invalid `prisma.$queryRaw()` invocation:


Invalid URL
[2026-05-14 20:18:47] [ERROR] SYS-001: DB is down. Details: 
Invalid `prisma.$queryRaw()` invocation:


Invalid URL
[2026-05-14 20:19:47] [ERROR] SYS-001: DB is down. Details: 
Invalid `prisma.$queryRaw()` invocation:


Invalid URL
[2026-05-14 20:20:47] [ERROR] SYS-001: DB is down. Details: 
Invalid `prisma.$queryRaw()` invocation:


Invalid URL
[2026-05-14 20:21:47] [ERROR] SYS-001: DB is down. Details: 
Invalid `prisma.$queryRaw()` invocation:


Invalid URL
[2026-05-14 20:22:43] [INFO] Health Monitor Cron Job started...
[2026-05-14 20:22:44] [INFO] 🚀 Server is running smoothly on port 3000
[2026-05-14 20:22:44] [INFO] 👉 Check health at: http://localhost:3000/api/v1/health
[2026-05-14 20:23:46] [INFO] SYS-000: DB is working.
[2026-05-14 20:24:44] [INFO] SYS-000: DB is working.
[2026-05-14 20:25:44] [INFO] SYS-000: DB is working.
[2026-05-14 20:26:44] [INFO] SYS-000: DB is working.
[2026-05-14 20:27:44] [INFO] SYS-000: DB is working.
[2026-05-14 20:32:37] [INFO] Health Monitor Cron Job started...
[2026-05-14 20:32:38] [INFO] 🚀 Server is running smoothly on port 3000
[2026-05-14 20:32:38] [INFO] 👉 Check health at: http://localhost:3000/api/v1/health
[2026-05-14 20:33:37] [ERROR] SYS-001: DB is down. Details: 
Invalid `prisma.$queryRaw()` invocation:


Invalid URL
[2026-05-14 20:34:37] [ERROR] SYS-001: DB is down. Details: 
Invalid `prisma.$queryRaw()` invocation:


Invalid URL
[2026-05-14 20:35:37] [ERROR] SYS-001: DB is down. Details: 
Invalid `prisma.$queryRaw()` invocation:


Invalid URL
[2026-05-14 20:39:36] [INFO] Health Monitor Cron Job started...
[2026-05-14 20:39:36] [INFO] 🚀 Server is running smoothly on port 3000
[2026-05-14 20:39:36] [INFO] 👉 Check health at: http://localhost:3000/api/v1/health
[2026-05-14 20:40:39] [ERROR] SYS-001: DB is down. Details: Database health check timed out
